Archive member included to satisfy reference by file (symbol)

/Users/eddy_/arm/lib/gcc/arm-none-eabi/10.2.0/../../../../arm-none-eabi/lib/thumb/libg.a(lib_a-atexit.o)
                              /Users/eddy_/arm/lib/gcc/arm-none-eabi/10.2.0/../../../../arm-none-eabi/lib/thumb/crt0.o (atexit)
/Users/eddy_/arm/lib/gcc/arm-none-eabi/10.2.0/../../../../arm-none-eabi/lib/thumb/libg.a(lib_a-errno.o)
                              objdir-CW308_STM32F4/stm32f4_sysmem.o (__errno)
/Users/eddy_/arm/lib/gcc/arm-none-eabi/10.2.0/../../../../arm-none-eabi/lib/thumb/libg.a(lib_a-exit.o)
                              /Users/eddy_/arm/lib/gcc/arm-none-eabi/10.2.0/../../../../arm-none-eabi/lib/thumb/crt0.o (exit)
/Users/eddy_/arm/lib/gcc/arm-none-eabi/10.2.0/../../../../arm-none-eabi/lib/thumb/libg.a(lib_a-fini.o)
                              /Users/eddy_/arm/lib/gcc/arm-none-eabi/10.2.0/../../../../arm-none-eabi/lib/thumb/crt0.o (__libc_fini_array)
/Users/eddy_/arm/lib/gcc/arm-none-eabi/10.2.0/../../../../arm-none-eabi/lib/thumb/libg.a(lib_a-impure.o)
                              /Users/eddy_/arm/lib/gcc/arm-none-eabi/10.2.0/../../../../arm-none-eabi/lib/thumb/libg.a(lib_a-exit.o) (_global_impure_ptr)
/Users/eddy_/arm/lib/gcc/arm-none-eabi/10.2.0/../../../../arm-none-eabi/lib/thumb/libg.a(lib_a-init.o)
                              /Users/eddy_/arm/lib/gcc/arm-none-eabi/10.2.0/../../../../arm-none-eabi/lib/thumb/crt0.o (__libc_init_array)
/Users/eddy_/arm/lib/gcc/arm-none-eabi/10.2.0/../../../../arm-none-eabi/lib/thumb/libg.a(lib_a-memcpy-stub.o)
                              objdir-CW308_STM32F4/simpleserial.o (memcpy)
/Users/eddy_/arm/lib/gcc/arm-none-eabi/10.2.0/../../../../arm-none-eabi/lib/thumb/libg.a(lib_a-memset.o)
                              /Users/eddy_/arm/lib/gcc/arm-none-eabi/10.2.0/../../../../arm-none-eabi/lib/thumb/crt0.o (memset)
/Users/eddy_/arm/lib/gcc/arm-none-eabi/10.2.0/../../../../arm-none-eabi/lib/thumb/libg.a(lib_a-syscalls.o)
                              /Users/eddy_/arm/lib/gcc/arm-none-eabi/10.2.0/../../../../arm-none-eabi/lib/thumb/crt0.o (initialise_monitor_handles)
/Users/eddy_/arm/lib/gcc/arm-none-eabi/10.2.0/../../../../arm-none-eabi/lib/thumb/libg.a(lib_a-__atexit.o)
                              /Users/eddy_/arm/lib/gcc/arm-none-eabi/10.2.0/../../../../arm-none-eabi/lib/thumb/libg.a(lib_a-atexit.o) (__register_exitproc)
/Users/eddy_/arm/lib/gcc/arm-none-eabi/10.2.0/../../../../arm-none-eabi/lib/thumb/libg.a(lib_a-__call_atexit.o)
                              /Users/eddy_/arm/lib/gcc/arm-none-eabi/10.2.0/../../../../arm-none-eabi/lib/thumb/libg.a(lib_a-exit.o) (__call_exitprocs)
/Users/eddy_/arm/lib/gcc/arm-none-eabi/10.2.0/../../../../arm-none-eabi/lib/thumb/libg.a(lib_a-findfp.o)
                              /Users/eddy_/arm/lib/gcc/arm-none-eabi/10.2.0/../../../../arm-none-eabi/lib/thumb/libg.a(lib_a-syscalls.o) (__sinit)
/Users/eddy_/arm/lib/gcc/arm-none-eabi/10.2.0/../../../../arm-none-eabi/lib/thumb/libg.a(lib_a-fwalk.o)
                              /Users/eddy_/arm/lib/gcc/arm-none-eabi/10.2.0/../../../../arm-none-eabi/lib/thumb/libg.a(lib_a-findfp.o) (_fwalk)
/Users/eddy_/arm/lib/gcc/arm-none-eabi/10.2.0/../../../../arm-none-eabi/lib/thumb/libg.a(lib_a-mallocr.o)
                              /Users/eddy_/arm/lib/gcc/arm-none-eabi/10.2.0/../../../../arm-none-eabi/lib/thumb/libg.a(lib_a-findfp.o) (_malloc_r)
/Users/eddy_/arm/lib/gcc/arm-none-eabi/10.2.0/../../../../arm-none-eabi/lib/thumb/libg.a(lib_a-mlock.o)
                              /Users/eddy_/arm/lib/gcc/arm-none-eabi/10.2.0/../../../../arm-none-eabi/lib/thumb/libg.a(lib_a-mallocr.o) (__malloc_lock)
/Users/eddy_/arm/lib/gcc/arm-none-eabi/10.2.0/../../../../arm-none-eabi/lib/thumb/libg.a(lib_a-sbrkr.o)
                              /Users/eddy_/arm/lib/gcc/arm-none-eabi/10.2.0/../../../../arm-none-eabi/lib/thumb/libg.a(lib_a-mallocr.o) (_sbrk_r)
/Users/eddy_/arm/lib/gcc/arm-none-eabi/10.2.0/../../../../arm-none-eabi/lib/thumb/libg.a(lib_a-stdio.o)
                              /Users/eddy_/arm/lib/gcc/arm-none-eabi/10.2.0/../../../../arm-none-eabi/lib/thumb/libg.a(lib_a-findfp.o) (__sread)
/Users/eddy_/arm/lib/gcc/arm-none-eabi/10.2.0/../../../../arm-none-eabi/lib/thumb/libg.a(lib_a-strlen-stub.o)
                              /Users/eddy_/arm/lib/gcc/arm-none-eabi/10.2.0/../../../../arm-none-eabi/lib/thumb/libg.a(lib_a-syscalls.o) (strlen)
/Users/eddy_/arm/lib/gcc/arm-none-eabi/10.2.0/../../../../arm-none-eabi/lib/thumb/libg.a(lib_a-writer.o)
                              /Users/eddy_/arm/lib/gcc/arm-none-eabi/10.2.0/../../../../arm-none-eabi/lib/thumb/libg.a(lib_a-stdio.o) (_write_r)
/Users/eddy_/arm/lib/gcc/arm-none-eabi/10.2.0/../../../../arm-none-eabi/lib/thumb/libg.a(lib_a-closer.o)
                              /Users/eddy_/arm/lib/gcc/arm-none-eabi/10.2.0/../../../../arm-none-eabi/lib/thumb/libg.a(lib_a-stdio.o) (_close_r)
[...]
Memory Configuration

Name             Origin             Length             Attributes
RAM              0x0000000020000000 0x0000000000020000 xrw
ROM              0x0000000008000000 0x0000000000100000 xr
*default*        0x0000000000000000 0xffffffffffffffff

Linker script and memory map

LOAD /Users/eddy_/arm/lib/gcc/arm-none-eabi/10.2.0/thumb/crti.o
LOAD /Users/eddy_/arm/lib/gcc/arm-none-eabi/10.2.0/thumb/crtbegin.o
LOAD /Users/eddy_/arm/lib/gcc/arm-none-eabi/10.2.0/../../../../arm-none-eabi/lib/thumb/crt0.o
LOAD objdir-CW308_STM32F4/basic-passwdcheck.o
LOAD objdir-CW308_STM32F4/simpleserial.o
LOAD objdir-CW308_STM32F4/stm32f4_hal.o
LOAD objdir-CW308_STM32F4/stm32f4_hal_lowlevel.o
LOAD objdir-CW308_STM32F4/stm32f4_sysmem.o
LOAD objdir-CW308_STM32F4/stm32f4xx_hal_rng.o
LOAD objdir-CW308_STM32F4/stm32f4_startup.o
LOAD /Users/eddy_/arm/lib/gcc/arm-none-eabi/10.2.0/../../../../arm-none-eabi/lib/thumb/libm.a
LOAD /Users/eddy_/arm/lib/gcc/arm-none-eabi/10.2.0/../../../../arm-none-eabi/lib/thumb/libm.a
START GROUP
LOAD /Users/eddy_/arm/lib/gcc/arm-none-eabi/10.2.0/thumb/libgcc.a
LOAD /Users/eddy_/arm/lib/gcc/arm-none-eabi/10.2.0/../../../../arm-none-eabi/lib/thumb/libg.a
LOAD /Users/eddy_/arm/lib/gcc/arm-none-eabi/10.2.0/../../../../arm-none-eabi/lib/thumb/libc.a
END GROUP
START GROUP
LOAD /Users/eddy_/arm/lib/gcc/arm-none-eabi/10.2.0/thumb/libgcc.a
LOAD /Users/eddy_/arm/lib/gcc/arm-none-eabi/10.2.0/../../../../arm-none-eabi/lib/thumb/libc.a
LOAD /Users/eddy_/arm/lib/gcc/arm-none-eabi/10.2.0/../../../../arm-none-eabi/lib/thumb/libnosys.a
END GROUP
LOAD /Users/eddy_/arm/lib/gcc/arm-none-eabi/10.2.0/thumb/crtend.o
LOAD /Users/eddy_/arm/lib/gcc/arm-none-eabi/10.2.0/thumb/crtn.o
                0x0000000020020000                _estack = 0x20020000
                0x0000000000000000                _Min_Heap_Size = 0x0
                0x0000000000000400                _Min_Stack_Size = 0x400

.isr_vector     0x0000000008000000      0x188
                0x0000000008000000                . = ALIGN (0x4)
 *(.isr_vector)
 .isr_vector    0x0000000008000000      0x188 objdir-CW308_STM32F4/stm32f4_startup.o
                0x0000000008000000                g_pfnVectors
                0x0000000008000188                . = ALIGN (0x4)

.text           0x0000000008000188      0xce8
                0x0000000008000188                . = ALIGN (0x4)
 *(.text)
 .text          0x0000000008000188       0xb4 /Users/eddy_/arm/lib/gcc/arm-none-eabi/10.2.0/thumb/crtbegin.o
 .text          0x000000000800023c       0x50 /Users/eddy_/arm/lib/gcc/arm-none-eabi/10.2.0/../../../../arm-none-eabi/lib/thumb/libg.a(lib_a-init.o)
                0x000000000800023c                __libc_init_array
 *(.text*)
 .text.delay_2_ms
                0x000000000800028c       0x1c objdir-CW308_STM32F4/basic-passwdcheck.o
 .text.led_ok   0x00000000080002a8        0x2 objdir-CW308_STM32F4/basic-passwdcheck.o
                0x00000000080002a8                led_ok
 .text.led_error
                0x00000000080002aa        0x2 objdir-CW308_STM32F4/basic-passwdcheck.o
                0x00000000080002aa                led_error
 .text.my_puts  0x00000000080002ac       0x14 objdir-CW308_STM32F4/basic-passwdcheck.o
                0x00000000080002ac                my_puts
 .text.my_read  0x00000000080002c0       0x30 objdir-CW308_STM32F4/basic-passwdcheck.o
                0x00000000080002c0                my_read
 .text.startup.main
                0x00000000080002f0       0xe8 objdir-CW308_STM32F4/basic-passwdcheck.o
                0x00000000080002f0                main
 .text.platform_init
                0x00000000080003d8       0x80 objdir-CW308_STM32F4/stm32f4_hal.o
                0x00000000080003d8                platform_init
 .text.init_uart
                0x0000000008000458       0x7c objdir-CW308_STM32F4/stm32f4_hal.o
                0x0000000008000458                init_uart
 .text.trigger_setup
                0x00000000080004d4       0x40 objdir-CW308_STM32F4/stm32f4_hal.o
                0x00000000080004d4                trigger_setup
 .text.trigger_high
                0x0000000008000514       0x10 objdir-CW308_STM32F4/stm32f4_hal.o
                0x0000000008000514                trigger_high
 .text.trigger_low
                0x0000000008000524       0x10 objdir-CW308_STM32F4/stm32f4_hal.o
                0x0000000008000524                trigger_low
 .text.getch    0x0000000008000534       0x24 objdir-CW308_STM32F4/stm32f4_hal.o
                0x0000000008000534                getch
 .text.putch    0x0000000008000558       0x20 objdir-CW308_STM32F4/stm32f4_hal.o
                0x0000000008000558                putch
 .text.HAL_GetTick
                0x0000000008000578       0x10 objdir-CW308_STM32F4/stm32f4_hal_lowlevel.o
                0x0000000008000578                HAL_GetTick
 .text.HAL_RCC_OscConfig
                0x0000000008000588      0x340 objdir-CW308_STM32F4/stm32f4_hal_lowlevel.o
                0x0000000008000588                HAL_RCC_OscConfig
 .text.HAL_RCC_ClockConfig
                0x00000000080008c8      0x130 objdir-CW308_STM32F4/stm32f4_hal_lowlevel.o
                0x00000000080008c8                HAL_RCC_ClockConfig
 .text.HAL_GPIO_Init
                0x00000000080009f8      0x1cc objdir-CW308_STM32F4/stm32f4_hal_lowlevel.o
                0x00000000080009f8                HAL_GPIO_Init
 .text.HAL_GPIO_WritePin
                0x0000000008000bc4        0xa objdir-CW308_STM32F4/stm32f4_hal_lowlevel.o
                0x0000000008000bc4                HAL_GPIO_WritePin
 *fill*         0x0000000008000bce        0x2 
 .text.HAL_UART_Init
                0x0000000008000bd0       0xdc objdir-CW308_STM32F4/stm32f4_hal_lowlevel.o
                0x0000000008000bd0                HAL_UART_Init
 .text.HAL_UART_Transmit
                0x0000000008000cac       0x8a objdir-CW308_STM32F4/stm32f4_hal_lowlevel.o
                0x0000000008000cac                HAL_UART_Transmit
 .text.HAL_UART_Receive
                0x0000000008000d36       0x98 objdir-CW308_STM32F4/stm32f4_hal_lowlevel.o
                0x0000000008000d36                HAL_UART_Receive
 .text.HAL_RNG_MspInit
                0x0000000008000dce        0x2 objdir-CW308_STM32F4/stm32f4xx_hal_rng.o
                0x0000000008000dce                HAL_RNG_MspInit
 .text.HAL_RNG_Init
                0x0000000008000dd0       0x3a objdir-CW308_STM32F4/stm32f4xx_hal_rng.o
                0x0000000008000dd0                HAL_RNG_Init
 *fill*         0x0000000008000e0a        0x2 
 .text.Reset_Handler
                0x0000000008000e0c       0x48 objdir-CW308_STM32F4/stm32f4_startup.o
                0x0000000008000e0c                Reset_Handler
 .text.Default_Handler
                0x0000000008000e54        0x2 objdir-CW308_STM32F4/stm32f4_startup.o
                0x0000000008000e54                BusFault_Handler
                0x0000000008000e54                HardFault_Handler
                0x0000000008000e54                SysTick_Handler
                0x0000000008000e54                PendSV_Handler
                0x0000000008000e54                NMI_Handler
                0x0000000008000e54                UsageFault_Handler
                0x0000000008000e54                Default_Handler
                0x0000000008000e54                MemManage_Handler
                0x0000000008000e54                SVC_Handler
                0x0000000008000e54                DebugMon_Handler
 *(.glue_7)
 .glue_7        0x0000000008000e56        0x0 linker stubs
 *(.glue_7t)
 .glue_7t       0x0000000008000e56        0x0 linker stubs
 *(.eh_frame)
 *fill*         0x0000000008000e56        0x2 
 .eh_frame      0x0000000008000e58        0x0 /Users/eddy_/arm/lib/gcc/arm-none-eabi/10.2.0/thumb/crtbegin.o
 *(.init)
 .init          0x0000000008000e58        0x4 /Users/eddy_/arm/lib/gcc/arm-none-eabi/10.2.0/thumb/crti.o
                0x0000000008000e58                _init
 .init          0x0000000008000e5c        0x8 /Users/eddy_/arm/lib/gcc/arm-none-eabi/10.2.0/thumb/crtn.o
 *(.fini)
 .fini          0x0000000008000e64        0x4 /Users/eddy_/arm/lib/gcc/arm-none-eabi/10.2.0/thumb/crti.o
                0x0000000008000e64                _fini
 .fini          0x0000000008000e68        0x8 /Users/eddy_/arm/lib/gcc/arm-none-eabi/10.2.0/thumb/crtn.o
                0x0000000008000e70                . = ALIGN (0x4)
                0x0000000008000e70                _etext = .

.vfp11_veneer   0x0000000008000e70        0x0
 .vfp11_veneer  0x0000000008000e70        0x0 linker stubs

.v4_bx          0x0000000008000e70        0x0
 .v4_bx         0x0000000008000e70        0x0 linker stubs

.iplt           0x0000000008000e70        0x0
 .iplt          0x0000000008000e70        0x0 /Users/eddy_/arm/lib/gcc/arm-none-eabi/10.2.0/thumb/crtbegin.o

.rodata         0x0000000008000e70      0x11c
                0x0000000008000e70                . = ALIGN (0x4)
 *(.rodata)
 *(.rodata*)
 .rodata.str1.1
                0x0000000008000e70      0x11c objdir-CW308_STM32F4/basic-passwdcheck.o
                0x0000000008000f8c                . = ALIGN (0x4)

.rel.dyn        0x0000000008000f8c        0x0
 .rel.iplt      0x0000000008000f8c        0x0 /Users/eddy_/arm/lib/gcc/arm-none-eabi/10.2.0/thumb/crtbegin.o

.ARM.extab      0x0000000008000f8c        0x0
                0x0000000008000f8c                . = ALIGN (0x4)
 *(.ARM.extab* .gnu.linkonce.armextab.*)
                0x0000000008000f8c                . = ALIGN (0x4)

.ARM            0x0000000008000f8c        0x0
                0x0000000008000f8c                . = ALIGN (0x4)
                0x0000000008000f8c                __exidx_start = .
 *(.ARM.exidx*)
                0x0000000008000f8c                __exidx_end = .
                0x0000000008000f8c                . = ALIGN (0x4)

.preinit_array  0x0000000008000f8c        0x0
                0x0000000008000f8c                . = ALIGN (0x4)
                0x0000000008000f8c                PROVIDE (__preinit_array_start = .)
 *(.preinit_array*)
                0x0000000008000f8c                PROVIDE (__preinit_array_end = .)
                0x0000000008000f8c                . = ALIGN (0x4)

.init_array     0x0000000008000f8c        0x4
                0x0000000008000f8c                . = ALIGN (0x4)
                0x0000000008000f8c                PROVIDE (__init_array_start = .)
 *(SORT_BY_NAME(.init_array.*))
 *(.init_array*)
 .init_array    0x0000000008000f8c        0x4 /Users/eddy_/arm/lib/gcc/arm-none-eabi/10.2.0/thumb/crtbegin.o
                0x0000000008000f90                PROVIDE (__init_array_end = .)
                0x0000000008000f90                . = ALIGN (0x4)

.fini_array     0x0000000008000f90        0x4
                0x0000000008000f90                . = ALIGN (0x4)
                0x0000000008000f90                PROVIDE (__fini_array_start = .)
 *(SORT_BY_NAME(.fini_array.*))
 *(.fini_array*)
 .fini_array    0x0000000008000f90        0x4 /Users/eddy_/arm/lib/gcc/arm-none-eabi/10.2.0/thumb/crtbegin.o
                0x0000000008000f94                PROVIDE (__fini_array_end = .)
                0x0000000008000f94                . = ALIGN (0x4)
                0x0000000008000f94                _sidata = LOADADDR (.data)

.data           0x0000000020000000        0x0 load address 0x0000000008000f94
                0x0000000020000000                . = ALIGN (0x4)
                0x0000000020000000                _sdata = .
 *(.data)
 *(.data*)
                0x0000000020000000                . = ALIGN (0x4)
                0x0000000020000000                _edata = .

.tm_clone_table
                0x0000000020000000        0x0 load address 0x0000000008000f94
 .tm_clone_table
                0x0000000020000000        0x0 /Users/eddy_/arm/lib/gcc/arm-none-eabi/10.2.0/thumb/crtbegin.o
 .tm_clone_table
                0x0000000020000000        0x0 /Users/eddy_/arm/lib/gcc/arm-none-eabi/10.2.0/thumb/crtend.o

.igot.plt       0x0000000020000000        0x0 load address 0x0000000008000f94
 .igot.plt      0x0000000020000000        0x0 /Users/eddy_/arm/lib/gcc/arm-none-eabi/10.2.0/thumb/crtbegin.o
                0x0000000020000000                . = ALIGN (0x4)

.bss            0x0000000020000000       0xbc load address 0x0000000008000f94
                0x0000000020000000                _sbss = .
                0x0000000020000000                __bss_start__ = _sbss
 *(.bss)
 .bss           0x0000000020000000       0x1c /Users/eddy_/arm/lib/gcc/arm-none-eabi/10.2.0/thumb/crtbegin.o
 .bss           0x000000002000001c       0x9c objdir-CW308_STM32F4/stm32f4_hal.o
                0x000000002000001c                RngHandle
                0x0000000020000028                UartHandle
                0x00000000200000a8                hw_key
 .bss           0x00000000200000b8        0x4 objdir-CW308_STM32F4/stm32f4_hal_lowlevel.o
 *(.bss*)
 *(COMMON)
                0x00000000200000bc                . = ALIGN (0x4)
                0x00000000200000bc                _ebss = .
                0x00000000200000bc                __bss_end__ = _ebss

._user_heap_stack
                0x00000000200000bc      0x404 load address 0x0000000008000f94
                0x00000000200000c0                . = ALIGN (0x8)
 *fill*         0x00000000200000bc        0x4 
                0x00000000200000c0                PROVIDE (end = .)
                [!provide]                        PROVIDE (_end = .)
                0x00000000200000c0                . = (. + _Min_Heap_Size)
                0x00000000200004c0                . = (. + _Min_Stack_Size)
 *fill*         0x00000000200000c0      0x400 
                0x00000000200004c0                . = ALIGN (0x8)

/DISCARD/
 libc.a(*)
 libm.a(*)
 libgcc.a(*)

.ARM.attributes
                0x0000000000000000       0x2c
 *(.ARM.attributes)
 .ARM.attributes
                0x0000000000000000       0x1c /Users/eddy_/arm/lib/gcc/arm-none-eabi/10.2.0/thumb/crti.o
 .ARM.attributes
                0x000000000000001c       0x2a /Users/eddy_/arm/lib/gcc/arm-none-eabi/10.2.0/thumb/crtbegin.o
 .ARM.attributes
                0x0000000000000046       0x2e objdir-CW308_STM32F4/basic-passwdcheck.o
 .ARM.attributes
                0x0000000000000074       0x2e objdir-CW308_STM32F4/stm32f4_hal.o
 .ARM.attributes
                0x00000000000000a2       0x2e objdir-CW308_STM32F4/stm32f4_hal_lowlevel.o
 .ARM.attributes
                0x00000000000000d0       0x2e objdir-CW308_STM32F4/stm32f4xx_hal_rng.o
 .ARM.attributes
                0x00000000000000fe       0x21 objdir-CW308_STM32F4/stm32f4_startup.o
 .ARM.attributes
                0x000000000000011f       0x2a /Users/eddy_/arm/lib/gcc/arm-none-eabi/10.2.0/../../../../arm-none-eabi/lib/thumb/libg.a(lib_a-init.o)
 .ARM.attributes
                0x0000000000000149       0x30 /Users/eddy_/arm/lib/gcc/arm-none-eabi/10.2.0/thumb/crtend.o
 .ARM.attributes
                0x0000000000000179       0x1c /Users/eddy_/arm/lib/gcc/arm-none-eabi/10.2.0/thumb/crtn.o
OUTPUT(basic-passwdcheck-CW308_STM32F4.elf elf32-littlearm)
LOAD linker stubs
LOAD /Users/eddy_/arm/lib/gcc/arm-none-eabi/10.2.0/../../../../arm-none-eabi/lib/thumb/libc.a
LOAD /Users/eddy_/arm/lib/gcc/arm-none-eabi/10.2.0/../../../../arm-none-eabi/lib/thumb/libm.a
LOAD /Users/eddy_/arm/lib/gcc/arm-none-eabi/10.2.0/thumb/libgcc.a

.comment        0x0000000000000000       0x12
 .comment       0x0000000000000000       0x12 /Users/eddy_/arm/lib/gcc/arm-none-eabi/10.2.0/thumb/crtbegin.o
                                         0x13 (size before relaxing)
 .comment       0x0000000000000012       0x13 objdir-CW308_STM32F4/basic-passwdcheck.o
 .comment       0x0000000000000012       0x13 objdir-CW308_STM32F4/stm32f4_hal.o
 .comment       0x0000000000000012       0x13 objdir-CW308_STM32F4/stm32f4_hal_lowlevel.o
 .comment       0x0000000000000012       0x13 objdir-CW308_STM32F4/stm32f4xx_hal_rng.o
 .comment       0x0000000000000012       0x13 /Users/eddy_/arm/lib/gcc/arm-none-eabi/10.2.0/../../../../arm-none-eabi/lib/thumb/libg.a(lib_a-init.o)
 .comment       0x0000000000000012       0x13 /Users/eddy_/arm/lib/gcc/arm-none-eabi/10.2.0/thumb/crtend.o

.debug_info     0x0000000000000000     0x3f94
 .debug_info    0x0000000000000000      0x4e8 objdir-CW308_STM32F4/basic-passwdcheck.o
 .debug_info    0x00000000000004e8     0x1596 objdir-CW308_STM32F4/stm32f4_hal.o
 .debug_info    0x0000000000001a7e     0x1e8d objdir-CW308_STM32F4/stm32f4_hal_lowlevel.o
 .debug_info    0x000000000000390b      0x56f objdir-CW308_STM32F4/stm32f4xx_hal_rng.o
 .debug_info    0x0000000000003e7a      0x11a /Users/eddy_/arm/lib/gcc/arm-none-eabi/10.2.0/../../../../arm-none-eabi/lib/thumb/libg.a(lib_a-init.o)

.debug_abbrev   0x0000000000000000      0xbdc
 .debug_abbrev  0x0000000000000000      0x1da objdir-CW308_STM32F4/basic-passwdcheck.o
 .debug_abbrev  0x00000000000001da      0x268 objdir-CW308_STM32F4/stm32f4_hal.o
 .debug_abbrev  0x0000000000000442      0x444 objdir-CW308_STM32F4/stm32f4_hal_lowlevel.o
 .debug_abbrev  0x0000000000000886      0x28a objdir-CW308_STM32F4/stm32f4xx_hal_rng.o
 .debug_abbrev  0x0000000000000b10       0xcc /Users/eddy_/arm/lib/gcc/arm-none-eabi/10.2.0/../../../../arm-none-eabi/lib/thumb/libg.a(lib_a-init.o)

.debug_loc      0x0000000000000000     0x1c75
 .debug_loc     0x0000000000000000      0x206 objdir-CW308_STM32F4/basic-passwdcheck.o
 .debug_loc     0x0000000000000206      0x2da objdir-CW308_STM32F4/stm32f4_hal.o
 .debug_loc     0x00000000000004e0     0x1344 objdir-CW308_STM32F4/stm32f4_hal_lowlevel.o
 .debug_loc     0x0000000000001824      0x3b9 objdir-CW308_STM32F4/stm32f4xx_hal_rng.o
 .debug_loc     0x0000000000001bdd       0x98 /Users/eddy_/arm/lib/gcc/arm-none-eabi/10.2.0/../../../../arm-none-eabi/lib/thumb/libg.a(lib_a-init.o)

.debug_aranges  0x0000000000000000      0x1f0
 .debug_aranges
                0x0000000000000000       0x40 objdir-CW308_STM32F4/basic-passwdcheck.o
 .debug_aranges
                0x0000000000000040       0x88 objdir-CW308_STM32F4/stm32f4_hal.o
 .debug_aranges
                0x00000000000000c8       0x98 objdir-CW308_STM32F4/stm32f4_hal_lowlevel.o
 .debug_aranges
                0x0000000000000160       0x70 objdir-CW308_STM32F4/stm32f4xx_hal_rng.o
 .debug_aranges
                0x00000000000001d0       0x20 /Users/eddy_/arm/lib/gcc/arm-none-eabi/10.2.0/../../../../arm-none-eabi/lib/thumb/libg.a(lib_a-init.o)

.debug_ranges   0x0000000000000000      0x400
 .debug_ranges  0x0000000000000000       0xd0 objdir-CW308_STM32F4/basic-passwdcheck.o
 .debug_ranges  0x00000000000000d0      0x120 objdir-CW308_STM32F4/stm32f4_hal.o
 .debug_ranges  0x00000000000001f0      0x198 objdir-CW308_STM32F4/stm32f4_hal_lowlevel.o
 .debug_ranges  0x0000000000000388       0x78 objdir-CW308_STM32F4/stm32f4xx_hal_rng.o

.debug_line     0x0000000000000000     0x2344
 .debug_line    0x0000000000000000      0x309 objdir-CW308_STM32F4/basic-passwdcheck.o
 .debug_line    0x0000000000000309      0x55a objdir-CW308_STM32F4/stm32f4_hal.o
 .debug_line    0x0000000000000863     0x1528 objdir-CW308_STM32F4/stm32f4_hal_lowlevel.o
 .debug_line    0x0000000000001d8b      0x47f objdir-CW308_STM32F4/stm32f4xx_hal_rng.o
 .debug_line    0x000000000000220a      0x13a /Users/eddy_/arm/lib/gcc/arm-none-eabi/10.2.0/../../../../arm-none-eabi/lib/thumb/libg.a(lib_a-init.o)

.debug_str      0x0000000000000000     0x1240
 .debug_str     0x0000000000000000      0x20b objdir-CW308_STM32F4/basic-passwdcheck.o
                                        0x258 (size before relaxing)
 .debug_str     0x000000000000020b      0xb4c objdir-CW308_STM32F4/stm32f4_hal.o
                                        0xd83 (size before relaxing)
 .debug_str     0x0000000000000d57      0x26f objdir-CW308_STM32F4/stm32f4_hal_lowlevel.o
                                        0xe22 (size before relaxing)
 .debug_str     0x0000000000000fc6      0x12b objdir-CW308_STM32F4/stm32f4xx_hal_rng.o
                                        0x421 (size before relaxing)
 .debug_str     0x00000000000010f1      0x14f /Users/eddy_/arm/lib/gcc/arm-none-eabi/10.2.0/../../../../arm-none-eabi/lib/thumb/libg.a(lib_a-init.o)
                                        0x1de (size before relaxing)

.debug_frame    0x0000000000000000      0x4fc
 .debug_frame   0x0000000000000000       0xa0 objdir-CW308_STM32F4/basic-passwdcheck.o
 .debug_frame   0x00000000000000a0      0x168 objdir-CW308_STM32F4/stm32f4_hal.o
 .debug_frame   0x0000000000000208      0x1b8 objdir-CW308_STM32F4/stm32f4_hal_lowlevel.o
 .debug_frame   0x00000000000003c0      0x110 objdir-CW308_STM32F4/stm32f4xx_hal_rng.o
 .debug_frame   0x00000000000004d0       0x2c /Users/eddy_/arm/lib/gcc/arm-none-eabi/10.2.0/../../../../arm-none-eabi/lib/thumb/libg.a(lib_a-init.o)

.stab           0x0000000000000000      0x144
 .stab          0x0000000000000000      0x144 objdir-CW308_STM32F4/stm32f4_startup.o

.stabstr        0x0000000000000000       0x61
 .stabstr       0x0000000000000000       0x61 objdir-CW308_STM32F4/stm32f4_startup.o

Cross Reference Table

Symbol                                            File
BusFault_Handler                                  objdir-CW308_STM32F4/stm32f4_startup.o
DebugMon_Handler                                  objdir-CW308_STM32F4/stm32f4_startup.o
Default_Handler                                   objdir-CW308_STM32F4/stm32f4_startup.o
HAL_CRYP_AESECB_Decrypt                           objdir-CW308_STM32F4/stm32f4_hal_lowlevel.o
                                                  objdir-CW308_STM32F4/stm32f4_hal.o
HAL_CRYP_AESECB_Encrypt                           objdir-CW308_STM32F4/stm32f4_hal_lowlevel.o
                                                  objdir-CW308_STM32F4/stm32f4_hal.o
HAL_CRYP_DeInit                                   objdir-CW308_STM32F4/stm32f4_hal_lowlevel.o
HAL_CRYP_Init                                     objdir-CW308_STM32F4/stm32f4_hal_lowlevel.o
                                                  objdir-CW308_STM32F4/stm32f4_hal.o
HAL_GPIO_Init                                     objdir-CW308_STM32F4/stm32f4_hal_lowlevel.o
                                                  objdir-CW308_STM32F4/stm32f4_hal.o
HAL_GPIO_WritePin                                 objdir-CW308_STM32F4/stm32f4_hal_lowlevel.o
                                                  objdir-CW308_STM32F4/stm32f4_hal.o
HAL_GetTick                                       objdir-CW308_STM32F4/stm32f4_hal_lowlevel.o
                                                  objdir-CW308_STM32F4/stm32f4xx_hal_rng.o
HAL_RCC_ClockConfig                               objdir-CW308_STM32F4/stm32f4_hal_lowlevel.o
                                                  objdir-CW308_STM32F4/stm32f4_hal.o
HAL_RCC_GetPCLK1Freq                              objdir-CW308_STM32F4/stm32f4_hal_lowlevel.o
HAL_RCC_GetPCLK2Freq                              objdir-CW308_STM32F4/stm32f4_hal_lowlevel.o
HAL_RCC_OscConfig                                 objdir-CW308_STM32F4/stm32f4_hal_lowlevel.o
                                                  objdir-CW308_STM32F4/stm32f4_hal.o
HAL_RNG_DeInit                                    objdir-CW308_STM32F4/stm32f4xx_hal_rng.o
HAL_RNG_ErrorCallback                             objdir-CW308_STM32F4/stm32f4xx_hal_rng.o
HAL_RNG_GenerateRandomNumber                      objdir-CW308_STM32F4/stm32f4xx_hal_rng.o
                                                  objdir-CW308_STM32F4/stm32f4_hal.o
HAL_RNG_GenerateRandomNumber_IT                   objdir-CW308_STM32F4/stm32f4xx_hal_rng.o
HAL_RNG_GetRandomNumber                           objdir-CW308_STM32F4/stm32f4xx_hal_rng.o
HAL_RNG_GetRandomNumber_IT                        objdir-CW308_STM32F4/stm32f4xx_hal_rng.o
HAL_RNG_GetState                                  objdir-CW308_STM32F4/stm32f4xx_hal_rng.o
HAL_RNG_IRQHandler                                objdir-CW308_STM32F4/stm32f4xx_hal_rng.o
HAL_RNG_Init                                      objdir-CW308_STM32F4/stm32f4xx_hal_rng.o
                                                  objdir-CW308_STM32F4/stm32f4_hal.o
HAL_RNG_MspDeInit                                 objdir-CW308_STM32F4/stm32f4xx_hal_rng.o
HAL_RNG_MspInit                                   objdir-CW308_STM32F4/stm32f4xx_hal_rng.o
HAL_RNG_ReadLastRandomNumber                      objdir-CW308_STM32F4/stm32f4xx_hal_rng.o
HAL_RNG_ReadyDataCallback                         objdir-CW308_STM32F4/stm32f4xx_hal_rng.o
HAL_UART_Init                                     objdir-CW308_STM32F4/stm32f4_hal_lowlevel.o
                                                  objdir-CW308_STM32F4/stm32f4_hal.o
HAL_UART_Receive                                  objdir-CW308_STM32F4/stm32f4_hal_lowlevel.o
                                                  objdir-CW308_STM32F4/stm32f4_hal.o
HAL_UART_Transmit                                 objdir-CW308_STM32F4/stm32f4_hal_lowlevel.o
                                                  objdir-CW308_STM32F4/stm32f4_hal.o
HW_AES128_Dec                                     objdir-CW308_STM32F4/stm32f4_hal.o
HW_AES128_Enc                                     objdir-CW308_STM32F4/stm32f4_hal.o
HW_AES128_Enc_posttrigger                         objdir-CW308_STM32F4/stm32f4_hal.o
HW_AES128_Enc_pretrigger                          objdir-CW308_STM32F4/stm32f4_hal.o
HW_AES128_Init                                    objdir-CW308_STM32F4/stm32f4_hal.o
HW_AES128_LoadKey                                 objdir-CW308_STM32F4/stm32f4_hal.o
HardFault_Handler                                 objdir-CW308_STM32F4/stm32f4_startup.o
MemManage_Handler                                 objdir-CW308_STM32F4/stm32f4_startup.o
NMI_Handler                                       objdir-CW308_STM32F4/stm32f4_startup.o
PendSV_Handler                                    objdir-CW308_STM32F4/stm32f4_startup.o
RCC_AHB2PeriphClockCmd                            objdir-CW308_STM32F4/stm32f4_hal_lowlevel.o
Reset_Handler                                     objdir-CW308_STM32F4/stm32f4_startup.o
RngHandle                                         objdir-CW308_STM32F4/stm32f4_hal.o
SVC_Handler                                       objdir-CW308_STM32F4/stm32f4_startup.o
SysTick_Handler                                   objdir-CW308_STM32F4/stm32f4_startup.o
SystemInit                                        objdir-CW308_STM32F4/stm32f4_startup.o
UartHandle                                        objdir-CW308_STM32F4/stm32f4_hal.o
UsageFault_Handler                                objdir-CW308_STM32F4/stm32f4_startup.o
_ITM_deregisterTMCloneTable                       /Users/eddy_/arm/lib/gcc/arm-none-eabi/10.2.0/thumb/crtbegin.o
_ITM_registerTMCloneTable                         /Users/eddy_/arm/lib/gcc/arm-none-eabi/10.2.0/thumb/crtbegin.o
__TMC_END__                                       /Users/eddy_/arm/lib/gcc/arm-none-eabi/10.2.0/thumb/crtend.o
                                                  /Users/eddy_/arm/lib/gcc/arm-none-eabi/10.2.0/thumb/crtbegin.o
__bss_end__                                       /Users/eddy_/arm/lib/gcc/arm-none-eabi/10.2.0/../../../../arm-none-eabi/lib/thumb/crt0.o
__bss_start__                                     /Users/eddy_/arm/lib/gcc/arm-none-eabi/10.2.0/../../../../arm-none-eabi/lib/thumb/crt0.o
__call_exitprocs                                  /Users/eddy_/arm/lib/gcc/arm-none-eabi/10.2.0/../../../../arm-none-eabi/lib/thumb/libg.a(lib_a-__call_atexit.o)
                                                  /Users/eddy_/arm/lib/gcc/arm-none-eabi/10.2.0/../../../../arm-none-eabi/lib/thumb/libg.a(lib_a-exit.o)
__change_mode                                     /Users/eddy_/arm/lib/gcc/arm-none-eabi/10.2.0/../../../../arm-none-eabi/lib/thumb/crt0.o
__deregister_frame_info                           /Users/eddy_/arm/lib/gcc/arm-none-eabi/10.2.0/thumb/crtbegin.o
__dso_handle                                      /Users/eddy_/arm/lib/gcc/arm-none-eabi/10.2.0/thumb/crtbegin.o
__end__                                           /Users/eddy_/arm/lib/gcc/arm-none-eabi/10.2.0/../../../../arm-none-eabi/lib/thumb/crt0.o
__errno                                           /Users/eddy_/arm/lib/gcc/arm-none-eabi/10.2.0/../../../../arm-none-eabi/lib/thumb/libg.a(lib_a-errno.o)
                                                  /Users/eddy_/arm/lib/gcc/arm-none-eabi/10.2.0/../../../../arm-none-eabi/lib/thumb/libg.a(lib_a-syscalls.o)
                                                  objdir-CW308_STM32F4/stm32f4_sysmem.o
__fini_array_end                                  /Users/eddy_/arm/lib/gcc/arm-none-eabi/10.2.0/../../../../arm-none-eabi/lib/thumb/libg.a(lib_a-fini.o)
__fini_array_start                                /Users/eddy_/arm/lib/gcc/arm-none-eabi/10.2.0/../../../../arm-none-eabi/lib/thumb/libg.a(lib_a-fini.o)
__fp_lock_all                                     /Users/eddy_/arm/lib/gcc/arm-none-eabi/10.2.0/../../../../arm-none-eabi/lib/thumb/libg.a(lib_a-findfp.o)
__fp_unlock_all                                   /Users/eddy_/arm/lib/gcc/arm-none-eabi/10.2.0/../../../../arm-none-eabi/lib/thumb/libg.a(lib_a-findfp.o)
__heap_limit                                      /Users/eddy_/arm/lib/gcc/arm-none-eabi/10.2.0/../../../../arm-none-eabi/lib/thumb/libg.a(lib_a-syscalls.o)
                                                  /Users/eddy_/arm/lib/gcc/arm-none-eabi/10.2.0/../../../../arm-none-eabi/lib/thumb/crt0.o
__init_array_end                                  /Users/eddy_/arm/lib/gcc/arm-none-eabi/10.2.0/../../../../arm-none-eabi/lib/thumb/libg.a(lib_a-init.o)
__init_array_start                                /Users/eddy_/arm/lib/gcc/arm-none-eabi/10.2.0/../../../../arm-none-eabi/lib/thumb/libg.a(lib_a-init.o)
__libc_fini_array                                 /Users/eddy_/arm/lib/gcc/arm-none-eabi/10.2.0/../../../../arm-none-eabi/lib/thumb/libg.a(lib_a-fini.o)
                                                  /Users/eddy_/arm/lib/gcc/arm-none-eabi/10.2.0/../../../../arm-none-eabi/lib/thumb/crt0.o
__libc_init_array                                 /Users/eddy_/arm/lib/gcc/arm-none-eabi/10.2.0/../../../../arm-none-eabi/lib/thumb/libg.a(lib_a-init.o)
                                                  objdir-CW308_STM32F4/stm32f4_startup.o
                                                  /Users/eddy_/arm/lib/gcc/arm-none-eabi/10.2.0/../../../../arm-none-eabi/lib/thumb/crt0.o
__malloc_av_                                      /Users/eddy_/arm/lib/gcc/arm-none-eabi/10.2.0/../../../../arm-none-eabi/lib/thumb/libg.a(lib_a-mallocr.o)
                                                  /Users/eddy_/arm/lib/gcc/arm-none-eabi/10.2.0/../../../../arm-none-eabi/lib/thumb/libg.a(lib_a-freer.o)
__malloc_current_mallinfo                         /Users/eddy_/arm/lib/gcc/arm-none-eabi/10.2.0/../../../../arm-none-eabi/lib/thumb/libg.a(lib_a-mallocr.o)
                                                  /Users/eddy_/arm/lib/gcc/arm-none-eabi/10.2.0/../../../../arm-none-eabi/lib/thumb/libg.a(lib_a-freer.o)
__malloc_lock                                     /Users/eddy_/arm/lib/gcc/arm-none-eabi/10.2.0/../../../../arm-none-eabi/lib/thumb/libg.a(lib_a-mlock.o)
                                                  /Users/eddy_/arm/lib/gcc/arm-none-eabi/10.2.0/../../../../arm-none-eabi/lib/thumb/libg.a(lib_a-freer.o)
                                                  /Users/eddy_/arm/lib/gcc/arm-none-eabi/10.2.0/../../../../arm-none-eabi/lib/thumb/libg.a(lib_a-mallocr.o)
__malloc_max_sbrked_mem                           /Users/eddy_/arm/lib/gcc/arm-none-eabi/10.2.0/../../../../arm-none-eabi/lib/thumb/libg.a(lib_a-mallocr.o)
__malloc_max_total_mem                            /Users/eddy_/arm/lib/gcc/arm-none-eabi/10.2.0/../../../../arm-none-eabi/lib/thumb/libg.a(lib_a-mallocr.o)
__malloc_sbrk_base                                /Users/eddy_/arm/lib/gcc/arm-none-eabi/10.2.0/../../../../arm-none-eabi/lib/thumb/libg.a(lib_a-mallocr.o)
                                                  /Users/eddy_/arm/lib/gcc/arm-none-eabi/10.2.0/../../../../arm-none-eabi/lib/thumb/libg.a(lib_a-freer.o)
__malloc_top_pad                                  /Users/eddy_/arm/lib/gcc/arm-none-eabi/10.2.0/../../../../arm-none-eabi/lib/thumb/libg.a(lib_a-mallocr.o)
                                                  /Users/eddy_/arm/lib/gcc/arm-none-eabi/10.2.0/../../../../arm-none-eabi/lib/thumb/libg.a(lib_a-freer.o)
__malloc_trim_threshold                           /Users/eddy_/arm/lib/gcc/arm-none-eabi/10.2.0/../../../../arm-none-eabi/lib/thumb/libg.a(lib_a-mallocr.o)
                                                  /Users/eddy_/arm/lib/gcc/arm-none-eabi/10.2.0/../../../../arm-none-eabi/lib/thumb/libg.a(lib_a-freer.o)
__malloc_unlock                                   /Users/eddy_/arm/lib/gcc/arm-none-eabi/10.2.0/../../../../arm-none-eabi/lib/thumb/libg.a(lib_a-mlock.o)
                                                  /Users/eddy_/arm/lib/gcc/arm-none-eabi/10.2.0/../../../../arm-none-eabi/lib/thumb/libg.a(lib_a-freer.o)
                                                  /Users/eddy_/arm/lib/gcc/arm-none-eabi/10.2.0/../../../../arm-none-eabi/lib/thumb/libg.a(lib_a-mallocr.o)
__preinit_array_end                               /Users/eddy_/arm/lib/gcc/arm-none-eabi/10.2.0/../../../../arm-none-eabi/lib/thumb/libg.a(lib_a-init.o)
__preinit_array_start                             /Users/eddy_/arm/lib/gcc/arm-none-eabi/10.2.0/../../../../arm-none-eabi/lib/thumb/libg.a(lib_a-init.o)
__register_exitproc                               /Users/eddy_/arm/lib/gcc/arm-none-eabi/10.2.0/../../../../arm-none-eabi/lib/thumb/libg.a(lib_a-__atexit.o)
                                                  /Users/eddy_/arm/lib/gcc/arm-none-eabi/10.2.0/../../../../arm-none-eabi/lib/thumb/libg.a(lib_a-atexit.o)
__register_frame_info                             /Users/eddy_/arm/lib/gcc/arm-none-eabi/10.2.0/thumb/crtbegin.o
__sclose                                          /Users/eddy_/arm/lib/gcc/arm-none-eabi/10.2.0/../../../../arm-none-eabi/lib/thumb/libg.a(lib_a-stdio.o)
                                                  /Users/eddy_/arm/lib/gcc/arm-none-eabi/10.2.0/../../../../arm-none-eabi/lib/thumb/libg.a(lib_a-findfp.o)
__seofread                                        /Users/eddy_/arm/lib/gcc/arm-none-eabi/10.2.0/../../../../arm-none-eabi/lib/thumb/libg.a(lib_a-stdio.o)
__sflush_r                                        /Users/eddy_/arm/lib/gcc/arm-none-eabi/10.2.0/../../../../arm-none-eabi/lib/thumb/libg.a(lib_a-fflush.o)
                                                  /Users/eddy_/arm/lib/gcc/arm-none-eabi/10.2.0/../../../../arm-none-eabi/lib/thumb/libg.a(lib_a-fclose.o)
__sfmoreglue                                      /Users/eddy_/arm/lib/gcc/arm-none-eabi/10.2.0/../../../../arm-none-eabi/lib/thumb/libg.a(lib_a-findfp.o)
__sfp                                             /Users/eddy_/arm/lib/gcc/arm-none-eabi/10.2.0/../../../../arm-none-eabi/lib/thumb/libg.a(lib_a-findfp.o)
__sfp_lock_acquire                                /Users/eddy_/arm/lib/gcc/arm-none-eabi/10.2.0/../../../../arm-none-eabi/lib/thumb/libg.a(lib_a-findfp.o)
                                                  /Users/eddy_/arm/lib/gcc/arm-none-eabi/10.2.0/../../../../arm-none-eabi/lib/thumb/libg.a(lib_a-fclose.o)
__sfp_lock_release                                /Users/eddy_/arm/lib/gcc/arm-none-eabi/10.2.0/../../../../arm-none-eabi/lib/thumb/libg.a(lib_a-findfp.o)
                                                  /Users/eddy_/arm/lib/gcc/arm-none-eabi/10.2.0/../../../../arm-none-eabi/lib/thumb/libg.a(lib_a-fclose.o)
__sinit                                           /Users/eddy_/arm/lib/gcc/arm-none-eabi/10.2.0/../../../../arm-none-eabi/lib/thumb/libg.a(lib_a-findfp.o)
                                                  /Users/eddy_/arm/lib/gcc/arm-none-eabi/10.2.0/../../../../arm-none-eabi/lib/thumb/libg.a(lib_a-fflush.o)
                                                  /Users/eddy_/arm/lib/gcc/arm-none-eabi/10.2.0/../../../../arm-none-eabi/lib/thumb/libg.a(lib_a-fclose.o)
                                                  /Users/eddy_/arm/lib/gcc/arm-none-eabi/10.2.0/../../../../arm-none-eabi/lib/thumb/libg.a(lib_a-syscalls.o)
__sinit_lock_acquire                              /Users/eddy_/arm/lib/gcc/arm-none-eabi/10.2.0/../../../../arm-none-eabi/lib/thumb/libg.a(lib_a-findfp.o)
__sinit_lock_release                              /Users/eddy_/arm/lib/gcc/arm-none-eabi/10.2.0/../../../../arm-none-eabi/lib/thumb/libg.a(lib_a-findfp.o)
__sread                                           /Users/eddy_/arm/lib/gcc/arm-none-eabi/10.2.0/../../../../arm-none-eabi/lib/thumb/libg.a(lib_a-stdio.o)
                                                  /Users/eddy_/arm/lib/gcc/arm-none-eabi/10.2.0/../../../../arm-none-eabi/lib/thumb/libg.a(lib_a-findfp.o)
__sseek                                           /Users/eddy_/arm/lib/gcc/arm-none-eabi/10.2.0/../../../../arm-none-eabi/lib/thumb/libg.a(lib_a-stdio.o)
                                                  /Users/eddy_/arm/lib/gcc/arm-none-eabi/10.2.0/../../../../arm-none-eabi/lib/thumb/libg.a(lib_a-findfp.o)
__stack                                           /Users/eddy_/arm/lib/gcc/arm-none-eabi/10.2.0/../../../../arm-none-eabi/lib/thumb/crt0.o
__stack_base__                                    /Users/eddy_/arm/lib/gcc/arm-none-eabi/10.2.0/../../../../arm-none-eabi/lib/thumb/crt0.o
__swrite                                          /Users/eddy_/arm/lib/gcc/arm-none-eabi/10.2.0/../../../../arm-none-eabi/lib/thumb/libg.a(lib_a-stdio.o)
                                                  /Users/eddy_/arm/lib/gcc/arm-none-eabi/10.2.0/../../../../arm-none-eabi/lib/thumb/libg.a(lib_a-findfp.o)
_cleanup                                          /Users/eddy_/arm/lib/gcc/arm-none-eabi/10.2.0/../../../../arm-none-eabi/lib/thumb/libg.a(lib_a-findfp.o)
_cleanup_r                                        /Users/eddy_/arm/lib/gcc/arm-none-eabi/10.2.0/../../../../arm-none-eabi/lib/thumb/libg.a(lib_a-findfp.o)
_close                                            /Users/eddy_/arm/lib/gcc/arm-none-eabi/10.2.0/../../../../arm-none-eabi/lib/thumb/libg.a(lib_a-syscalls.o)
                                                  /Users/eddy_/arm/lib/gcc/arm-none-eabi/10.2.0/../../../../arm-none-eabi/lib/thumb/libg.a(lib_a-closer.o)
_close_r                                          /Users/eddy_/arm/lib/gcc/arm-none-eabi/10.2.0/../../../../arm-none-eabi/lib/thumb/libg.a(lib_a-closer.o)
                                                  /Users/eddy_/arm/lib/gcc/arm-none-eabi/10.2.0/../../../../arm-none-eabi/lib/thumb/libg.a(lib_a-stdio.o)
_ebss                                             objdir-CW308_STM32F4/stm32f4_startup.o
_edata                                            objdir-CW308_STM32F4/stm32f4_startup.o
_estack                                           objdir-CW308_STM32F4/stm32f4_startup.o
_exit                                             /Users/eddy_/arm/lib/gcc/arm-none-eabi/10.2.0/../../../../arm-none-eabi/lib/thumb/libg.a(lib_a-syscalls.o)
                                                  /Users/eddy_/arm/lib/gcc/arm-none-eabi/10.2.0/../../../../arm-none-eabi/lib/thumb/libg.a(lib_a-exit.o)
_fclose_r                                         /Users/eddy_/arm/lib/gcc/arm-none-eabi/10.2.0/../../../../arm-none-eabi/lib/thumb/libg.a(lib_a-fclose.o)
                                                  /Users/eddy_/arm/lib/gcc/arm-none-eabi/10.2.0/../../../../arm-none-eabi/lib/thumb/libg.a(lib_a-findfp.o)
_fflush_r                                         /Users/eddy_/arm/lib/gcc/arm-none-eabi/10.2.0/../../../../arm-none-eabi/lib/thumb/libg.a(lib_a-fflush.o)
_fini                                             /Users/eddy_/arm/lib/gcc/arm-none-eabi/10.2.0/thumb/crti.o
                                                  /Users/eddy_/arm/lib/gcc/arm-none-eabi/10.2.0/../../../../arm-none-eabi/lib/thumb/libg.a(lib_a-fini.o)
_free_r                                           /Users/eddy_/arm/lib/gcc/arm-none-eabi/10.2.0/../../../../arm-none-eabi/lib/thumb/libg.a(lib_a-freer.o)
                                                  /Users/eddy_/arm/lib/gcc/arm-none-eabi/10.2.0/../../../../arm-none-eabi/lib/thumb/libg.a(lib_a-reent.o)
                                                  /Users/eddy_/arm/lib/gcc/arm-none-eabi/10.2.0/../../../../arm-none-eabi/lib/thumb/libg.a(lib_a-fflush.o)
                                                  /Users/eddy_/arm/lib/gcc/arm-none-eabi/10.2.0/../../../../arm-none-eabi/lib/thumb/libg.a(lib_a-fclose.o)
                                                  /Users/eddy_/arm/lib/gcc/arm-none-eabi/10.2.0/../../../../arm-none-eabi/lib/thumb/libg.a(lib_a-mallocr.o)
_fstat                                            /Users/eddy_/arm/lib/gcc/arm-none-eabi/10.2.0/../../../../arm-none-eabi/lib/thumb/libg.a(lib_a-syscalls.o)
_fwalk                                            /Users/eddy_/arm/lib/gcc/arm-none-eabi/10.2.0/../../../../arm-none-eabi/lib/thumb/libg.a(lib_a-fwalk.o)
                                                  /Users/eddy_/arm/lib/gcc/arm-none-eabi/10.2.0/../../../../arm-none-eabi/lib/thumb/libg.a(lib_a-findfp.o)
_fwalk_reent                                      /Users/eddy_/arm/lib/gcc/arm-none-eabi/10.2.0/../../../../arm-none-eabi/lib/thumb/libg.a(lib_a-fwalk.o)
                                                  /Users/eddy_/arm/lib/gcc/arm-none-eabi/10.2.0/../../../../arm-none-eabi/lib/thumb/libg.a(lib_a-fflush.o)
                                                  /Users/eddy_/arm/lib/gcc/arm-none-eabi/10.2.0/../../../../arm-none-eabi/lib/thumb/libg.a(lib_a-findfp.o)
_getpid                                           /Users/eddy_/arm/lib/gcc/arm-none-eabi/10.2.0/../../../../arm-none-eabi/lib/thumb/libg.a(lib_a-syscalls.o)
_gettimeofday                                     /Users/eddy_/arm/lib/gcc/arm-none-eabi/10.2.0/../../../../arm-none-eabi/lib/thumb/libg.a(lib_a-syscalls.o)
_global_impure_ptr                                /Users/eddy_/arm/lib/gcc/arm-none-eabi/10.2.0/../../../../arm-none-eabi/lib/thumb/libg.a(lib_a-impure.o)
                                                  /Users/eddy_/arm/lib/gcc/arm-none-eabi/10.2.0/../../../../arm-none-eabi/lib/thumb/libg.a(lib_a-fflush.o)
                                                  /Users/eddy_/arm/lib/gcc/arm-none-eabi/10.2.0/../../../../arm-none-eabi/lib/thumb/libg.a(lib_a-findfp.o)
                                                  /Users/eddy_/arm/lib/gcc/arm-none-eabi/10.2.0/../../../../arm-none-eabi/lib/thumb/libg.a(lib_a-__call_atexit.o)
                                                  /Users/eddy_/arm/lib/gcc/arm-none-eabi/10.2.0/../../../../arm-none-eabi/lib/thumb/libg.a(lib_a-__atexit.o)
                                                  /Users/eddy_/arm/lib/gcc/arm-none-eabi/10.2.0/../../../../arm-none-eabi/lib/thumb/libg.a(lib_a-exit.o)
_impure_ptr                                       /Users/eddy_/arm/lib/gcc/arm-none-eabi/10.2.0/../../../../arm-none-eabi/lib/thumb/libg.a(lib_a-impure.o)
                                                  /Users/eddy_/arm/lib/gcc/arm-none-eabi/10.2.0/../../../../arm-none-eabi/lib/thumb/libg.a(lib_a-reent.o)
                                                  /Users/eddy_/arm/lib/gcc/arm-none-eabi/10.2.0/../../../../arm-none-eabi/lib/thumb/libg.a(lib_a-fflush.o)
                                                  /Users/eddy_/arm/lib/gcc/arm-none-eabi/10.2.0/../../../../arm-none-eabi/lib/thumb/libg.a(lib_a-fclose.o)
                                                  /Users/eddy_/arm/lib/gcc/arm-none-eabi/10.2.0/../../../../arm-none-eabi/lib/thumb/libg.a(lib_a-findfp.o)
                                                  /Users/eddy_/arm/lib/gcc/arm-none-eabi/10.2.0/../../../../arm-none-eabi/lib/thumb/libg.a(lib_a-syscalls.o)
                                                  /Users/eddy_/arm/lib/gcc/arm-none-eabi/10.2.0/../../../../arm-none-eabi/lib/thumb/libg.a(lib_a-errno.o)
_init                                             /Users/eddy_/arm/lib/gcc/arm-none-eabi/10.2.0/thumb/crti.o
                                                  /Users/eddy_/arm/lib/gcc/arm-none-eabi/10.2.0/../../../../arm-none-eabi/lib/thumb/libg.a(lib_a-init.o)
_isatty                                           /Users/eddy_/arm/lib/gcc/arm-none-eabi/10.2.0/../../../../arm-none-eabi/lib/thumb/libg.a(lib_a-syscalls.o)
_kill                                             /Users/eddy_/arm/lib/gcc/arm-none-eabi/10.2.0/../../../../arm-none-eabi/lib/thumb/libg.a(lib_a-syscalls.o)
_link                                             /Users/eddy_/arm/lib/gcc/arm-none-eabi/10.2.0/../../../../arm-none-eabi/lib/thumb/libg.a(lib_a-syscalls.o)
_lseek                                            /Users/eddy_/arm/lib/gcc/arm-none-eabi/10.2.0/../../../../arm-none-eabi/lib/thumb/libg.a(lib_a-syscalls.o)
                                                  /Users/eddy_/arm/lib/gcc/arm-none-eabi/10.2.0/../../../../arm-none-eabi/lib/thumb/libg.a(lib_a-lseekr.o)
_lseek_r                                          /Users/eddy_/arm/lib/gcc/arm-none-eabi/10.2.0/../../../../arm-none-eabi/lib/thumb/libg.a(lib_a-lseekr.o)
                                                  /Users/eddy_/arm/lib/gcc/arm-none-eabi/10.2.0/../../../../arm-none-eabi/lib/thumb/libg.a(lib_a-stdio.o)
_mainCRTStartup                                   /Users/eddy_/arm/lib/gcc/arm-none-eabi/10.2.0/../../../../arm-none-eabi/lib/thumb/crt0.o
_malloc_r                                         /Users/eddy_/arm/lib/gcc/arm-none-eabi/10.2.0/../../../../arm-none-eabi/lib/thumb/libg.a(lib_a-mallocr.o)
                                                  /Users/eddy_/arm/lib/gcc/arm-none-eabi/10.2.0/../../../../arm-none-eabi/lib/thumb/libg.a(lib_a-findfp.o)
_malloc_trim_r                                    /Users/eddy_/arm/lib/gcc/arm-none-eabi/10.2.0/../../../../arm-none-eabi/lib/thumb/libg.a(lib_a-freer.o)
_open                                             /Users/eddy_/arm/lib/gcc/arm-none-eabi/10.2.0/../../../../arm-none-eabi/lib/thumb/libg.a(lib_a-syscalls.o)
_raise                                            /Users/eddy_/arm/lib/gcc/arm-none-eabi/10.2.0/../../../../arm-none-eabi/lib/thumb/libg.a(lib_a-syscalls.o)
_read                                             /Users/eddy_/arm/lib/gcc/arm-none-eabi/10.2.0/../../../../arm-none-eabi/lib/thumb/libg.a(lib_a-syscalls.o)
                                                  /Users/eddy_/arm/lib/gcc/arm-none-eabi/10.2.0/../../../../arm-none-eabi/lib/thumb/libg.a(lib_a-readr.o)
_read_r                                           /Users/eddy_/arm/lib/gcc/arm-none-eabi/10.2.0/../../../../arm-none-eabi/lib/thumb/libg.a(lib_a-readr.o)
                                                  /Users/eddy_/arm/lib/gcc/arm-none-eabi/10.2.0/../../../../arm-none-eabi/lib/thumb/libg.a(lib_a-stdio.o)
_reclaim_reent                                    /Users/eddy_/arm/lib/gcc/arm-none-eabi/10.2.0/../../../../arm-none-eabi/lib/thumb/libg.a(lib_a-reent.o)
_rename                                           /Users/eddy_/arm/lib/gcc/arm-none-eabi/10.2.0/../../../../arm-none-eabi/lib/thumb/libg.a(lib_a-syscalls.o)
_sbrk                                             objdir-CW308_STM32F4/stm32f4_sysmem.o
                                                  /Users/eddy_/arm/lib/gcc/arm-none-eabi/10.2.0/../../../../arm-none-eabi/lib/thumb/libg.a(lib_a-sbrkr.o)
_sbrk_r                                           /Users/eddy_/arm/lib/gcc/arm-none-eabi/10.2.0/../../../../arm-none-eabi/lib/thumb/libg.a(lib_a-sbrkr.o)
                                                  /Users/eddy_/arm/lib/gcc/arm-none-eabi/10.2.0/../../../../arm-none-eabi/lib/thumb/libg.a(lib_a-freer.o)
                                                  /Users/eddy_/arm/lib/gcc/arm-none-eabi/10.2.0/../../../../arm-none-eabi/lib/thumb/libg.a(lib_a-mallocr.o)
_sbss                                             objdir-CW308_STM32F4/stm32f4_startup.o
_sdata                                            objdir-CW308_STM32F4/stm32f4_startup.o
_sidata                                           objdir-CW308_STM32F4/stm32f4_startup.o
_stack_init                                       /Users/eddy_/arm/lib/gcc/arm-none-eabi/10.2.0/../../../../arm-none-eabi/lib/thumb/crt0.o
_start                                            /Users/eddy_/arm/lib/gcc/arm-none-eabi/10.2.0/../../../../arm-none-eabi/lib/thumb/crt0.o
_stat                                             /Users/eddy_/arm/lib/gcc/arm-none-eabi/10.2.0/../../../../arm-none-eabi/lib/thumb/libg.a(lib_a-syscalls.o)
_swiclose                                         /Users/eddy_/arm/lib/gcc/arm-none-eabi/10.2.0/../../../../arm-none-eabi/lib/thumb/libg.a(lib_a-syscalls.o)
_swilseek                                         /Users/eddy_/arm/lib/gcc/arm-none-eabi/10.2.0/../../../../arm-none-eabi/lib/thumb/libg.a(lib_a-syscalls.o)
_swiopen                                          /Users/eddy_/arm/lib/gcc/arm-none-eabi/10.2.0/../../../../arm-none-eabi/lib/thumb/libg.a(lib_a-syscalls.o)
_swiread                                          /Users/eddy_/arm/lib/gcc/arm-none-eabi/10.2.0/../../../../arm-none-eabi/lib/thumb/libg.a(lib_a-syscalls.o)
_swiwrite                                         /Users/eddy_/arm/lib/gcc/arm-none-eabi/10.2.0/../../../../arm-none-eabi/lib/thumb/libg.a(lib_a-syscalls.o)
_system                                           /Users/eddy_/arm/lib/gcc/arm-none-eabi/10.2.0/../../../../arm-none-eabi/lib/thumb/libg.a(lib_a-syscalls.o)
_times                                            /Users/eddy_/arm/lib/gcc/arm-none-eabi/10.2.0/../../../../arm-none-eabi/lib/thumb/libg.a(lib_a-syscalls.o)
_unlink                                           /Users/eddy_/arm/lib/gcc/arm-none-eabi/10.2.0/../../../../arm-none-eabi/lib/thumb/libg.a(lib_a-syscalls.o)
_write                                            /Users/eddy_/arm/lib/gcc/arm-none-eabi/10.2.0/../../../../arm-none-eabi/lib/thumb/libg.a(lib_a-syscalls.o)
                                                  /Users/eddy_/arm/lib/gcc/arm-none-eabi/10.2.0/../../../../arm-none-eabi/lib/thumb/libg.a(lib_a-writer.o)
_write_r                                          /Users/eddy_/arm/lib/gcc/arm-none-eabi/10.2.0/../../../../arm-none-eabi/lib/thumb/libg.a(lib_a-writer.o)
                                                  /Users/eddy_/arm/lib/gcc/arm-none-eabi/10.2.0/../../../../arm-none-eabi/lib/thumb/libg.a(lib_a-stdio.o)
asciibuf                                          objdir-CW308_STM32F4/basic-passwdcheck.o
atexit                                            /Users/eddy_/arm/lib/gcc/arm-none-eabi/10.2.0/../../../../arm-none-eabi/lib/thumb/libg.a(lib_a-atexit.o)
                                                  /Users/eddy_/arm/lib/gcc/arm-none-eabi/10.2.0/../../../../arm-none-eabi/lib/thumb/crt0.o
change_back                                       /Users/eddy_/arm/lib/gcc/arm-none-eabi/10.2.0/../../../../arm-none-eabi/lib/thumb/crt0.o
check_version                                     objdir-CW308_STM32F4/simpleserial.o
cleanup_glue                                      /Users/eddy_/arm/lib/gcc/arm-none-eabi/10.2.0/../../../../arm-none-eabi/lib/thumb/libg.a(lib_a-reent.o)
end                                               /Users/eddy_/arm/lib/gcc/arm-none-eabi/10.2.0/../../../../arm-none-eabi/lib/thumb/libg.a(lib_a-syscalls.o)
                                                  objdir-CW308_STM32F4/stm32f4_sysmem.o
errno                                             /Users/eddy_/arm/lib/gcc/arm-none-eabi/10.2.0/../../../../arm-none-eabi/lib/thumb/libg.a(lib_a-reent.o)
                                                  /Users/eddy_/arm/lib/gcc/arm-none-eabi/10.2.0/../../../../arm-none-eabi/lib/thumb/libg.a(lib_a-readr.o)
                                                  /Users/eddy_/arm/lib/gcc/arm-none-eabi/10.2.0/../../../../arm-none-eabi/lib/thumb/libg.a(lib_a-lseekr.o)
                                                  /Users/eddy_/arm/lib/gcc/arm-none-eabi/10.2.0/../../../../arm-none-eabi/lib/thumb/libg.a(lib_a-closer.o)
                                                  /Users/eddy_/arm/lib/gcc/arm-none-eabi/10.2.0/../../../../arm-none-eabi/lib/thumb/libg.a(lib_a-writer.o)
                                                  /Users/eddy_/arm/lib/gcc/arm-none-eabi/10.2.0/../../../../arm-none-eabi/lib/thumb/libg.a(lib_a-sbrkr.o)
exit                                              /Users/eddy_/arm/lib/gcc/arm-none-eabi/10.2.0/../../../../arm-none-eabi/lib/thumb/libg.a(lib_a-exit.o)
                                                  /Users/eddy_/arm/lib/gcc/arm-none-eabi/10.2.0/../../../../arm-none-eabi/lib/thumb/crt0.o
fclose                                            /Users/eddy_/arm/lib/gcc/arm-none-eabi/10.2.0/../../../../arm-none-eabi/lib/thumb/libg.a(lib_a-fclose.o)
fflush                                            /Users/eddy_/arm/lib/gcc/arm-none-eabi/10.2.0/../../../../arm-none-eabi/lib/thumb/libg.a(lib_a-fflush.o)
g_pfnVectors                                      objdir-CW308_STM32F4/stm32f4_startup.o
get_rand                                          objdir-CW308_STM32F4/stm32f4_hal.o
getch                                             objdir-CW308_STM32F4/stm32f4_hal.o
                                                  objdir-CW308_STM32F4/simpleserial.o
                                                  objdir-CW308_STM32F4/basic-passwdcheck.o
hex_decode                                        objdir-CW308_STM32F4/simpleserial.o
hw_key                                            objdir-CW308_STM32F4/stm32f4_hal.o
init_uart                                         objdir-CW308_STM32F4/stm32f4_hal.o
                                                  objdir-CW308_STM32F4/basic-passwdcheck.o
initialise_monitor_handles                        /Users/eddy_/arm/lib/gcc/arm-none-eabi/10.2.0/../../../../arm-none-eabi/lib/thumb/libg.a(lib_a-syscalls.o)
                                                  /Users/eddy_/arm/lib/gcc/arm-none-eabi/10.2.0/../../../../arm-none-eabi/lib/thumb/crt0.o
led_error                                         objdir-CW308_STM32F4/basic-passwdcheck.o
led_ok                                            objdir-CW308_STM32F4/basic-passwdcheck.o
main                                              objdir-CW308_STM32F4/basic-passwdcheck.o
                                                  objdir-CW308_STM32F4/stm32f4_startup.o
                                                  /Users/eddy_/arm/lib/gcc/arm-none-eabi/10.2.0/../../../../arm-none-eabi/lib/thumb/crt0.o
memcpy                                            /Users/eddy_/arm/lib/gcc/arm-none-eabi/10.2.0/../../../../arm-none-eabi/lib/thumb/libg.a(lib_a-memcpy-stub.o)
                                                  objdir-CW308_STM32F4/simpleserial.o
memory                                            objdir-CW308_STM32F4/basic-passwdcheck.o
memset                                            /Users/eddy_/arm/lib/gcc/arm-none-eabi/10.2.0/../../../../arm-none-eabi/lib/thumb/libg.a(lib_a-memset.o)
                                                  /Users/eddy_/arm/lib/gcc/arm-none-eabi/10.2.0/../../../../arm-none-eabi/lib/thumb/libg.a(lib_a-findfp.o)
                                                  /Users/eddy_/arm/lib/gcc/arm-none-eabi/10.2.0/../../../../arm-none-eabi/lib/thumb/libg.a(lib_a-syscalls.o)
                                                  /Users/eddy_/arm/lib/gcc/arm-none-eabi/10.2.0/../../../../arm-none-eabi/lib/thumb/crt0.o
my_puts                                           objdir-CW308_STM32F4/basic-passwdcheck.o
my_read                                           objdir-CW308_STM32F4/basic-passwdcheck.o
platform_init                                     objdir-CW308_STM32F4/stm32f4_hal.o
                                                  objdir-CW308_STM32F4/basic-passwdcheck.o
pt                                                objdir-CW308_STM32F4/basic-passwdcheck.o
putch                                             objdir-CW308_STM32F4/stm32f4_hal.o
                                                  objdir-CW308_STM32F4/simpleserial.o
                                                  objdir-CW308_STM32F4/basic-passwdcheck.o
simpleserial_addcmd                               objdir-CW308_STM32F4/simpleserial.o
simpleserial_get                                  objdir-CW308_STM32F4/simpleserial.o
simpleserial_init                                 objdir-CW308_STM32F4/simpleserial.o
simpleserial_put                                  objdir-CW308_STM32F4/simpleserial.o
ss_crc                                            objdir-CW308_STM32F4/simpleserial.o
ss_get_commands                                   objdir-CW308_STM32F4/simpleserial.o
ss_puts                                           objdir-CW308_STM32F4/simpleserial.o
strlen                                            /Users/eddy_/arm/lib/gcc/arm-none-eabi/10.2.0/../../../../arm-none-eabi/lib/thumb/libg.a(lib_a-strlen-stub.o)
                                                  /Users/eddy_/arm/lib/gcc/arm-none-eabi/10.2.0/../../../../arm-none-eabi/lib/thumb/libg.a(lib_a-syscalls.o)
stuff_data                                        objdir-CW308_STM32F4/simpleserial.o
tmp                                               objdir-CW308_STM32F4/basic-passwdcheck.o
trigger_high                                      objdir-CW308_STM32F4/stm32f4_hal.o
                                                  objdir-CW308_STM32F4/basic-passwdcheck.o
trigger_low                                       objdir-CW308_STM32F4/stm32f4_hal.o
                                                  objdir-CW308_STM32F4/basic-passwdcheck.o
trigger_setup                                     objdir-CW308_STM32F4/stm32f4_hal.o
                                                  objdir-CW308_STM32F4/basic-passwdcheck.o
unstuff_data                                      objdir-CW308_STM32F4/simpleserial.o
